app/_layout.tsx(37,20): error TS2367: This comparison appears to be unintentional because the types '1 | 2' and '0' have no overlap.
